
> dev
> npm run assets && wrangler dev --local --port 8788


> assets
> node scripts/build-assets.mjs


 ⛅️ wrangler 4.125.0
────────────────────
Your Worker has access to the following bindings:
Binding                             Resource                  Mode
env.DB (shikitype-db)               D1 Database               local
env.ASSETS                          Assets                    local
env.ENVIRONMENT ("production")      Environment Variable      local

Wrangler detected this dev session is running in an AI agent.
The Local Explorer API is available at http://127.0.0.1:8788/cdn-cgi/local/explorer/api
Useful routes:
  GET http://127.0.0.1:8788/cdn-cgi/local/explorer/api/local/workers - local Workers and bindings
  GET http://127.0.0.1:8788/cdn-cgi/local/explorer/api/storage/kv/namespaces - KV namespaces
  GET http://127.0.0.1:8788/cdn-cgi/local/explorer/api/d1/database - D1 databases
  GET http://127.0.0.1:8788/cdn-cgi/local/explorer/api/r2/buckets - R2 buckets
  GET http://127.0.0.1:8788/cdn-cgi/local/explorer/api/workers/durable_objects/namespaces - Durable Object namespaces
  GET http://127.0.0.1:8788/cdn-cgi/local/explorer/api/workflows - Workflows
  POST http://127.0.0.1:8788/cdn-cgi/local/explorer/api/local/observability/query - run a read-only SQL query (SELECT/WITH only) over captured request traces and console logs. Tables: spans, logs (read attributes via json(attributes)). Example:
    curl -X POST http://127.0.0.1:8788/cdn-cgi/local/explorer/api/local/observability/query -H 'Content-Type: application/json' -d '{"sql":"SELECT service, name, outcome, duration_ms FROM spans WHERE parent_id IS NULL LIMIT 20"}'
If the routes above don't cover what you need, fetch the full OpenAPI schema (large - use only as a last resort):
  GET http://127.0.0.1:8788/cdn-cgi/local/explorer/api - OpenAPI schema
⎔ Starting local server...
[wrangler:info] Ready on http://127.0.0.1:8788
[wrangler:info] POST /api/auth/signup 201 Created (304ms)
[wrangler:info] POST /api/auth/signup 201 Created (252ms)
[wrangler:info] GET / 200 OK (37ms)
[wrangler:info] GET /vendor/ui-fonts/fonts.css 304 Not Modified (13ms)
[wrangler:info] GET /vendor/mathlive-static.css 304 Not Modified (29ms)
[wrangler:info] GET /vendor/mathlive-fonts.css 304 Not Modified (35ms)
[wrangler:info] GET /styles.css 304 Not Modified (72ms)
[wrangler:info] GET /app.js 304 Not Modified (106ms)
[wrangler:info] GET /vendor/mathlive.min.mjs 304 Not Modified (122ms)
[wrangler:info] GET /keymap.js 304 Not Modified (162ms)
[wrangler:info] GET /unicode-latex.js 304 Not Modified (171ms)
[wrangler:info] GET /api/auth/me 200 OK (23ms)
[wrangler:info] POST /api/auth/login 200 OK (454ms)
[wrangler:info] GET /api/notes 200 OK (33ms)
[wrangler:info] GET /api/notes 200 OK (13ms)
[wrangler:info] GET /vendor/fonts/KaTeX_Math-Italic.woff2 200 OK (33ms)
[wrangler:info] PUT /api/notes/note-0709c193-c75a-4080-a2ee-5c46accb4c19 200 OK (26ms)
[wrangler:info] GET / 304 Not Modified (10ms)
[wrangler:info] GET /vendor/ui-fonts/fonts.css 304 Not Modified (24ms)
[wrangler:info] GET /vendor/mathlive-static.css 304 Not Modified (30ms)
[wrangler:info] GET /vendor/mathlive-fonts.css 304 Not Modified (51ms)
[wrangler:info] GET /styles.css 304 Not Modified (58ms)
[wrangler:info] GET /app.js 304 Not Modified (67ms)
[wrangler:info] GET /vendor/ui-fonts/inter-500.woff2 304 Not Modified (19ms)
[wrangler:info] GET /vendor/ui-fonts/inter-700.woff2 304 Not Modified (78ms)
[wrangler:info] GET /vendor/ui-fonts/zenkaku-400.woff2 304 Not Modified (97ms)
[wrangler:info] GET /vendor/ui-fonts/zenkaku-500.woff2 304 Not Modified (120ms)
[wrangler:info] GET /vendor/mathlive.min.mjs 304 Not Modified (113ms)
[wrangler:info] GET /vendor/ui-fonts/zenkaku-700.woff2 304 Not Modified (161ms)
[wrangler:info] GET /keymap.js 304 Not Modified (154ms)
[wrangler:info] GET /unicode-latex.js 304 Not Modified (120ms)
[wrangler:info] GET /api/auth/me 200 OK (36ms)
[wrangler:info] GET /vendor/fonts/KaTeX_Main-Regular.woff2 304 Not Modified (51ms)
[wrangler:info] GET /vendor/ui-fonts/inter-400.woff2 304 Not Modified (25ms)
[wrangler:info] POST /api/auth/login 200 OK (472ms)
[wrangler:info] GET /api/notes 200 OK (16ms)
[wrangler:info] GET /api/notes 200 OK (26ms)
[wrangler:info] GET / 304 Not Modified (10ms)
[wrangler:info] GET /vendor/ui-fonts/fonts.css 304 Not Modified (28ms)
[wrangler:info] GET /vendor/mathlive-static.css 304 Not Modified (34ms)
[wrangler:info] GET /vendor/mathlive-fonts.css 304 Not Modified (42ms)
[wrangler:info] GET /styles.css 304 Not Modified (49ms)
[wrangler:info] GET /app.js 304 Not Modified (72ms)
[wrangler:info] GET /vendor/mathlive.min.mjs 304 Not Modified (9ms)
[wrangler:info] GET /keymap.js 304 Not Modified (19ms)
[wrangler:info] GET /unicode-latex.js 304 Not Modified (26ms)
[wrangler:info] GET /api/auth/me 200 OK (50ms)
[wrangler:info] POST /api/auth/login 200 OK (457ms)
[wrangler:info] GET /api/notes 200 OK (12ms)
[wrangler:info] POST /api/notes/import 200 OK (21ms)
[wrangler:info] GET /api/notes 200 OK (26ms)
[wrangler:info] GET /vendor/fonts/KaTeX_Math-Italic.woff2 304 Not Modified (26ms)
