
> assets
> node scripts/build-assets.mjs


 ⛅️ wrangler 4.125.0
────────────────────
Your Worker has access to the following bindings:
Binding                                                      Resource                  Mode
env.DB (shikitype-test)                                      D1 Database               local
env.ASSETS                                                   Assets                    local
env.ENVIRONMENT ("test")                                     Environment Variable      local
env.AUTH_PEPPER ("test-only-pepper-not-for-production")      Environment Variable      local

❓ Your types might be out of date. Re-run `wrangler types` to ensure your types are correct.
Wrangler detected this dev session is running in an AI agent.
The Local Explorer API is available at http://127.0.0.1:8788/cdn-cgi/local/explorer/api
Useful routes:
  GET http://127.0.0.1:8788/cdn-cgi/local/explorer/api/local/workers - local Workers and bindings
  GET http://127.0.0.1:8788/cdn-cgi/local/explorer/api/storage/kv/namespaces - KV namespaces
  GET http://127.0.0.1:8788/cdn-cgi/local/explorer/api/d1/database - D1 databases
  GET http://127.0.0.1:8788/cdn-cgi/local/explorer/api/r2/buckets - R2 buckets
  GET http://127.0.0.1:8788/cdn-cgi/local/explorer/api/workers/durable_objects/namespaces - Durable Object namespaces
  GET http://127.0.0.1:8788/cdn-cgi/local/explorer/api/workflows - Workflows
  POST http://127.0.0.1:8788/cdn-cgi/local/explorer/api/local/observability/query - run a read-only SQL query (SELECT/WITH only) over captured request traces and console logs. Tables: spans, logs (read attributes via json(attributes)). Example:
    curl -X POST http://127.0.0.1:8788/cdn-cgi/local/explorer/api/local/observability/query -H 'Content-Type: application/json' -d '{"sql":"SELECT service, name, outcome, duration_ms FROM spans WHERE parent_id IS NULL LIMIT 20"}'
If the routes above don't cover what you need, fetch the full OpenAPI schema (large - use only as a last resort):
  GET http://127.0.0.1:8788/cdn-cgi/local/explorer/api - OpenAPI schema
⎔ Starting local server...
[wrangler:info] Ready on http://127.0.0.1:8788
[wrangler:info] GET / 200 OK (70ms)
[wrangler:info] GET /vendor/ui-fonts/fonts.css 200 OK (7ms)
[wrangler:info] GET /vendor/mathlive-static.css 200 OK (17ms)
[wrangler:info] GET /vendor/mathlive-fonts.css 200 OK (42ms)
[wrangler:info] GET /styles.css 200 OK (59ms)
[wrangler:info] GET /app.js 200 OK (100ms)
[wrangler:info] GET /vendor/ui-fonts/inter-500.woff2 200 OK (28ms)
[wrangler:info] GET /vendor/ui-fonts/inter-700.woff2 200 OK (52ms)
[wrangler:info] GET /vendor/ui-fonts/zenkaku-400.woff2 200 OK (62ms)
[wrangler:info] GET /vendor/ui-fonts/zenkaku-500.woff2 200 OK (77ms)
[wrangler:info] GET /vendor/ui-fonts/zenkaku-700.woff2 200 OK (108ms)
[wrangler:info] GET /vendor/mathlive.min.mjs 200 OK (277ms)
[wrangler:info] GET /unicode-latex.js 200 OK (15ms)
[wrangler:info] GET /keymap.js 200 OK (40ms)
[wrangler:info] GET /api/auth/me 200 OK (23ms)
[wrangler:info] GET /vendor/fonts/KaTeX_Main-Regular.woff2 200 OK (22ms)
[wrangler:info] GET /vendor/fonts/KaTeX_Math-Italic.woff2 200 OK (19ms)
[wrangler:info] GET /vendor/ui-fonts/inter-400.woff2 200 OK (14ms)
[wrangler:info] POST /api/auth/signup 201 Created (275ms)
[wrangler:info] GET /api/notes 200 OK (32ms)
[wrangler:info] POST /api/notes/import 200 OK (30ms)
[wrangler:info] GET /api/notes 200 OK (15ms)
[wrangler:info] GET /api/notes 200 OK (13ms)
[wrangler:info] GET / 304 Not Modified (10ms)
[wrangler:info] GET /vendor/ui-fonts/fonts.css 304 Not Modified (28ms)
[wrangler:info] GET /vendor/mathlive-static.css 304 Not Modified (33ms)
[wrangler:info] GET /vendor/mathlive-fonts.css 304 Not Modified (45ms)
[wrangler:info] GET /styles.css 304 Not Modified (55ms)
[wrangler:info] GET /app.js 304 Not Modified (79ms)
[wrangler:info] GET /vendor/ui-fonts/zenkaku-700.woff2 304 Not Modified (23ms)
[wrangler:info] GET /vendor/ui-fonts/zenkaku-500.woff2 304 Not Modified (36ms)
[wrangler:info] GET /vendor/ui-fonts/zenkaku-400.woff2 304 Not Modified (48ms)
[wrangler:info] GET /vendor/ui-fonts/inter-700.woff2 304 Not Modified (77ms)
[wrangler:info] GET /vendor/ui-fonts/inter-500.woff2 304 Not Modified (89ms)
[wrangler:info] GET /vendor/mathlive.min.mjs 304 Not Modified (81ms)
[wrangler:info] GET /keymap.js 304 Not Modified (85ms)
[wrangler:info] GET /unicode-latex.js 304 Not Modified (102ms)
[wrangler:info] GET /api/auth/me 200 OK (36ms)
[wrangler:info] GET /vendor/fonts/KaTeX_Main-Regular.woff2 304 Not Modified (45ms)
[wrangler:info] GET /vendor/fonts/KaTeX_Math-Italic.woff2 304 Not Modified (10ms)
[wrangler:info] GET /api/notes 200 OK (25ms)
[wrangler:info] GET /api/notes 200 OK (19ms)
[wrangler:info] POST /api/notes/import 200 OK (30ms)
[wrangler:info] POST /api/notes/import 200 OK (53ms)
[wrangler:info] GET /api/notes 200 OK (34ms)
[wrangler:info] GET /api/notes 200 OK (22ms)
[wrangler:info] GET /api/notes 200 OK (33ms)
[wrangler:info] POST /api/auth/logout 200 OK (14ms)
[wrangler:info] GET /vendor/ui-fonts/inter-400.woff2 304 Not Modified (32ms)
[wrangler:info] POST /api/auth/signup 201 Created (286ms)
[wrangler:info] GET /api/notes 200 OK (23ms)
[wrangler:info] GET /api/notes 200 OK (33ms)
[wrangler:info] GET /api/notes 200 OK (15ms)
[wrangler:info] POST /api/auth/logout 200 OK (35ms)
[wrangler:info] POST /api/auth/login 200 OK (515ms)
[wrangler:info] GET /api/notes 200 OK (12ms)
[wrangler:info] POST /api/notes/import 200 OK (30ms)
[wrangler:info] POST /api/notes/import 200 OK (17ms)
[wrangler:info] GET /api/notes 200 OK (39ms)
[wrangler:info] GET /api/notes 200 OK (22ms)
[wrangler:info] GET / 200 OK (57ms)
[wrangler:info] GET /vendor/ui-fonts/fonts.css 200 OK (5ms)
[wrangler:info] GET /vendor/mathlive-static.css 200 OK (7ms)
[wrangler:info] GET /vendor/mathlive-fonts.css 200 OK (18ms)
[wrangler:info] GET /styles.css 200 OK (23ms)
[wrangler:info] GET /app.js 200 OK (33ms)
[wrangler:info] GET /vendor/ui-fonts/inter-500.woff2 200 OK (11ms)
[wrangler:info] GET /vendor/ui-fonts/inter-700.woff2 200 OK (15ms)
[wrangler:info] GET /vendor/ui-fonts/zenkaku-400.woff2 200 OK (19ms)
[wrangler:info] GET /vendor/ui-fonts/zenkaku-500.woff2 200 OK (23ms)
[wrangler:info] GET /vendor/ui-fonts/zenkaku-700.woff2 200 OK (31ms)
[wrangler:info] GET /vendor/mathlive.min.mjs 200 OK (35ms)
[wrangler:info] GET /unicode-latex.js 200 OK (20ms)
[wrangler:info] GET /keymap.js 200 OK (27ms)
[wrangler:info] GET /api/auth/me 200 OK (10ms)
[wrangler:info] GET /vendor/fonts/KaTeX_Main-Regular.woff2 200 OK (6ms)
[wrangler:info] GET /vendor/ui-fonts/inter-400.woff2 200 OK (14ms)
[wrangler:info] POST /api/auth/signup 201 Created (275ms)
[wrangler:info] GET /api/notes 200 OK (22ms)
[wrangler:info] GET /api/notes 200 OK (20ms)
[wrangler:info] PUT /api/notes/note-fbe02f2f-fc5b-49db-a9a3-b30019c9f942 200 OK (42ms)
[wrangler:info] POST /api/auth/logout 200 OK (27ms)
[wrangler:info] POST /api/auth/signup 201 Created (283ms)
[wrangler:info] GET /api/notes 200 OK (11ms)
[wrangler:info] GET /api/notes 200 OK (11ms)
[wrangler:info] POST /api/auth/logout 200 OK (10ms)
[wrangler:info] POST /api/auth/login 200 OK (550ms)
[wrangler:info] GET /api/notes 200 OK (13ms)
[wrangler:info] GET /api/notes 200 OK (29ms)
[wrangler:info] GET / 200 OK (5ms)
[wrangler:info] GET /vendor/ui-fonts/fonts.css 200 OK (14ms)
[wrangler:info] GET /vendor/mathlive-static.css 200 OK (18ms)
[wrangler:info] GET /vendor/mathlive-fonts.css 200 OK (22ms)
[wrangler:info] GET /styles.css 200 OK (50ms)
[wrangler:info] GET /app.js 200 OK (59ms)
[wrangler:info] GET /vendor/ui-fonts/inter-500.woff2 200 OK (11ms)
[wrangler:info] GET /vendor/ui-fonts/inter-700.woff2 200 OK (16ms)
[wrangler:info] GET /vendor/ui-fonts/zenkaku-400.woff2 200 OK (21ms)
[wrangler:info] GET /vendor/ui-fonts/zenkaku-500.woff2 200 OK (25ms)
[wrangler:info] GET /vendor/ui-fonts/zenkaku-700.woff2 200 OK (48ms)
[wrangler:info] GET /vendor/mathlive.min.mjs 200 OK (53ms)
[wrangler:info] GET /unicode-latex.js 200 OK (15ms)
[wrangler:info] GET /keymap.js 200 OK (21ms)
[wrangler:info] GET /vendor/fonts/KaTeX_Main-Regular.woff2 200 OK (12ms)
[wrangler:info] GET /vendor/ui-fonts/inter-400.woff2 200 OK (7ms)
[wrangler:info] POST /api/auth/login 200 OK (568ms)
[wrangler:info] GET /api/notes 200 OK (15ms)
[wrangler:info] GET /api/notes 200 OK (29ms)
[wrangler:info] GET /api/notes 200 OK (15ms)
[wrangler:info] GET / 200 OK (7ms)
[wrangler:info] GET /vendor/ui-fonts/fonts.css 200 OK (24ms)
[wrangler:info] GET /vendor/mathlive-static.css 200 OK (27ms)
[wrangler:info] GET /vendor/mathlive-fonts.css 200 OK (34ms)
[wrangler:info] GET /styles.css 200 OK (60ms)
[wrangler:info] GET /app.js 200 OK (66ms)
[wrangler:info] GET /vendor/ui-fonts/inter-500.woff2 200 OK (11ms)
[wrangler:info] GET /vendor/ui-fonts/zenkaku-400.woff2 200 OK (14ms)
[wrangler:info] GET /vendor/ui-fonts/inter-700.woff2 200 OK (34ms)
[wrangler:info] GET /vendor/ui-fonts/zenkaku-700.woff2 200 OK (42ms)
[wrangler:info] GET /vendor/mathlive.min.mjs 200 OK (46ms)
[wrangler:info] GET /keymap.js 200 OK (52ms)
[wrangler:info] GET /unicode-latex.js 200 OK (11ms)
[wrangler:info] GET /vendor/ui-fonts/zenkaku-500.woff2 200 OK (29ms)
[wrangler:info] GET /api/auth/me 200 OK (6ms)
[wrangler:info] GET /vendor/fonts/KaTeX_Main-Regular.woff2 200 OK (9ms)
[wrangler:info] GET /vendor/ui-fonts/inter-400.woff2 200 OK (6ms)
[wrangler:info] POST /api/auth/signup 201 Created (251ms)
[wrangler:info] GET /api/notes 200 OK (12ms)
[wrangler:info] POST /api/notes/import 200 OK (21ms)
[wrangler:info] GET /api/notes 200 OK (28ms)
[wrangler:info] POST /api/auth/logout 200 OK (30ms)
[wrangler:info] GET / 200 OK (10ms)
[wrangler:info] GET /vendor/ui-fonts/fonts.css 200 OK (8ms)
[wrangler:info] GET /vendor/mathlive-static.css 200 OK (12ms)
[wrangler:info] GET /vendor/mathlive-fonts.css 200 OK (30ms)
[wrangler:info] GET /styles.css 200 OK (35ms)
[wrangler:info] GET /app.js 200 OK (40ms)
[wrangler:info] GET /vendor/ui-fonts/inter-500.woff2 200 OK (23ms)
[wrangler:info] GET /vendor/ui-fonts/zenkaku-400.woff2 200 OK (28ms)
[wrangler:info] GET /vendor/ui-fonts/inter-700.woff2 200 OK (34ms)
[wrangler:info] GET /vendor/ui-fonts/zenkaku-700.woff2 200 OK (37ms)
[wrangler:info] GET /vendor/mathlive.min.mjs 200 OK (61ms)
[wrangler:info] GET /keymap.js 200 OK (63ms)
[wrangler:info] GET /unicode-latex.js 200 OK (7ms)
[wrangler:info] GET /vendor/ui-fonts/zenkaku-500.woff2 200 OK (14ms)
[wrangler:info] GET /api/auth/me 200 OK (8ms)
[wrangler:info] GET /vendor/fonts/KaTeX_Main-Regular.woff2 200 OK (8ms)
[wrangler:info] GET /vendor/ui-fonts/inter-400.woff2 200 OK (28ms)
[wrangler:info] POST /api/auth/signup 201 Created (287ms)
[wrangler:info] GET /api/notes 200 OK (15ms)
[wrangler:info] GET /api/notes 200 OK (30ms)
[wrangler:info] GET /vendor/fonts/KaTeX_AMS-Regular.woff2 200 OK (21ms)
[wrangler:info] PUT /api/notes/note-ec948754-ef20-47ed-8ae4-f7aa69bd14c6 200 OK (35ms)
[wrangler:info] GET /api/notes 200 OK (33ms)
[wrangler:info] POST /api/auth/logout 200 OK (10ms)
[wrangler:info] POST /api/auth/login 200 OK (506ms)
[wrangler:info] GET /api/notes 200 OK (28ms)
[wrangler:info] POST /api/notes/import 200 OK (23ms)
[wrangler:info] GET /api/notes 200 OK (12ms)
[wrangler:info] GET /api/notes 200 OK (12ms)
[wrangler:info] PUT /api/notes/note-ec948754-ef20-47ed-8ae4-f7aa69bd14c6 200 OK (43ms)
[wrangler:info] GET /api/notes 200 OK (14ms)
[wrangler:info] POST /api/auth/logout 200 OK (14ms)
[wrangler:info] POST /api/auth/signup 201 Created (329ms)
[wrangler:info] GET /api/notes 200 OK (29ms)
[wrangler:info] GET /api/notes 200 OK (15ms)
[wrangler:info] GET /api/notes 200 OK (32ms)
[wrangler:info] POST /api/auth/logout 200 OK (9ms)
[wrangler:info] POST /api/auth/login 200 OK (568ms)
[wrangler:info] GET /api/notes 200 OK (13ms)
[wrangler:info] POST /api/notes/import 200 OK (45ms)
[wrangler:info] GET /api/notes 200 OK (17ms)
[wrangler:info] GET /api/notes 200 OK (29ms)
[wrangler:info] POST /api/auth/logout 200 OK (28ms)
[wrangler:info] POST /api/auth/recover 200 OK (273ms)
[wrangler:info] GET /api/notes 200 OK (14ms)
[wrangler:info] POST /api/notes/import 200 OK (38ms)
[wrangler:info] GET /api/notes 200 OK (15ms)
[wrangler:info] GET / 200 OK (27ms)
[wrangler:info] GET /vendor/ui-fonts/fonts.css 200 OK (12ms)
[wrangler:info] GET /vendor/mathlive-static.css 200 OK (14ms)
[wrangler:info] GET /vendor/mathlive-fonts.css 200 OK (24ms)
[wrangler:info] GET /styles.css 200 OK (35ms)
[wrangler:info] GET /app.js 200 OK (62ms)
[wrangler:info] GET /vendor/ui-fonts/inter-500.woff2 200 OK (25ms)
[wrangler:info] GET /vendor/ui-fonts/inter-700.woff2 200 OK (31ms)
[wrangler:info] GET /vendor/ui-fonts/zenkaku-400.woff2 200 OK (36ms)
[wrangler:info] GET /vendor/ui-fonts/zenkaku-500.woff2 200 OK (44ms)
[wrangler:info] GET /vendor/ui-fonts/zenkaku-700.woff2 200 OK (53ms)
[wrangler:info] GET /vendor/mathlive.min.mjs 200 OK (58ms)
[wrangler:info] GET /unicode-latex.js 200 OK (33ms)
[wrangler:info] GET /keymap.js 200 OK (40ms)
[wrangler:info] GET /api/auth/me 200 OK (25ms)
[wrangler:info] GET /vendor/fonts/KaTeX_Main-Regular.woff2 200 OK (17ms)
[wrangler:info] GET /vendor/fonts/KaTeX_Math-Italic.woff2 200 OK (12ms)
[wrangler:info] GET /vendor/ui-fonts/inter-400.woff2 200 OK (9ms)
[wrangler:info] POST /api/auth/signup 201 Created (300ms)
[wrangler:info] GET /api/notes 200 OK (16ms)
[wrangler:info] POST /api/notes/import 200 OK (46ms)
[wrangler:info] GET /api/notes 200 OK (16ms)
[wrangler:info] GET /api/notes 200 OK (29ms)
[wrangler:info] POST /api/auth/logout 200 OK (11ms)
[wrangler:info] POST /api/auth/login 200 OK (529ms)
[wrangler:info] GET /api/notes 200 OK (35ms)
[wrangler:info] POST /api/notes/import 200 OK (41ms)
[wrangler:info] POST /api/notes/import 200 OK (44ms)
[wrangler:info] GET /api/notes 200 OK (19ms)
[wrangler:info] GET /api/notes 200 OK (35ms)
[wrangler:info] GET / 200 OK (23ms)
[wrangler:info] GET /vendor/ui-fonts/fonts.css 200 OK (11ms)
[wrangler:info] GET /vendor/mathlive-static.css 200 OK (17ms)
[wrangler:info] GET /vendor/mathlive-fonts.css 200 OK (21ms)
[wrangler:info] GET /styles.css 200 OK (25ms)
[wrangler:info] GET /app.js 200 OK (27ms)
[wrangler:info] GET /vendor/ui-fonts/inter-500.woff2 200 OK (11ms)
[wrangler:info] GET /vendor/ui-fonts/inter-700.woff2 200 OK (15ms)
[wrangler:info] GET /vendor/ui-fonts/zenkaku-400.woff2 200 OK (20ms)
[wrangler:info] GET /vendor/ui-fonts/zenkaku-500.woff2 200 OK (25ms)
[wrangler:info] GET /vendor/ui-fonts/zenkaku-700.woff2 200 OK (46ms)
[wrangler:info] GET /vendor/mathlive.min.mjs 200 OK (49ms)
[wrangler:info] GET /unicode-latex.js 200 OK (28ms)
[wrangler:info] GET /keymap.js 200 OK (34ms)
[wrangler:info] GET /api/auth/me 200 OK (21ms)
[wrangler:info] GET /vendor/fonts/KaTeX_Main-Regular.woff2 200 OK (7ms)
[wrangler:info] GET /vendor/fonts/KaTeX_Math-Italic.woff2 200 OK (13ms)
[wrangler:info] GET /vendor/ui-fonts/inter-400.woff2 200 OK (8ms)
[wrangler:info] POST /api/auth/signup 429 Too Many Requests (14ms)
[wrangler:info] GET / 200 OK (10ms)
[wrangler:info] GET /vendor/ui-fonts/fonts.css 200 OK (6ms)
[wrangler:info] GET /vendor/mathlive-static.css 200 OK (10ms)
[wrangler:info] GET /vendor/mathlive-fonts.css 200 OK (19ms)
[wrangler:info] GET /styles.css 200 OK (28ms)
[wrangler:info] GET /app.js 200 OK (50ms)
[wrangler:info] GET /vendor/ui-fonts/inter-500.woff2 200 OK (8ms)
[wrangler:info] GET /vendor/ui-fonts/inter-700.woff2 200 OK (30ms)
[wrangler:info] GET /vendor/ui-fonts/zenkaku-400.woff2 200 OK (35ms)
[wrangler:info] GET /vendor/ui-fonts/zenkaku-500.woff2 200 OK (41ms)
[wrangler:info] GET /vendor/ui-fonts/zenkaku-700.woff2 200 OK (46ms)
[wrangler:info] GET /vendor/mathlive.min.mjs 200 OK (52ms)
[wrangler:info] GET /unicode-latex.js 200 OK (14ms)
[wrangler:info] GET /keymap.js 200 OK (40ms)
[wrangler:info] GET /api/auth/me 200 OK (7ms)
[wrangler:info] GET /vendor/fonts/KaTeX_Main-Regular.woff2 200 OK (19ms)
[wrangler:info] GET /vendor/fonts/KaTeX_Math-Italic.woff2 200 OK (8ms)
[wrangler:info] GET /vendor/ui-fonts/inter-400.woff2 200 OK (26ms)
[wrangler:info] POST /api/auth/signup 429 Too Many Requests (42ms)
[wrangler:info] GET /api/auth/me 200 OK (28ms)
